// Jest Snapshot v1, https://goo.gl/fbAQLP

exports[`should render corrrectly 1`] = `
<View
  style={
    Object {
      "alignItems": "center",
      "backgroundColor": "#263238",
      "flex": 1,
      "justifyContent": "center",
    }
  }
>
  <Image
    source={1}
    style={
      Object {
        "height": 180,
        "width": 220,
      }
    }
  />
  <View
    style={
      Object {
        "alignItems": "center",
        "flexDirection": "row",
        "justifyContent": "space-between",
        "paddingTop": 20,
        "width": "70%",
      }
    }
  >
    <Text
      accessible={true}
      allowFontScaling={true}
      ellipsizeMode="tail"
      style={
        Object {
          "color": "#eceff1",
          "fontSize": 24,
        }
      }
    >
      Todo's completed: 
      0
    </Text>
    <View
      accessible={true}
      isTVSelectable={true}
      onResponderGrant={[Function]}
      onResponderMove={[Function]}
      onResponderRelease={[Function]}
      onResponderTerminate={[Function]}
      onResponderTerminationRequest={[Function]}
      onStartShouldSetResponder={[Function]}
      style={null}
    >
      <Text
        accessible={true}
        allowFontScaling={true}
        ellipsizeMode="tail"
      />
    </View>
  </View>
  <View
    style={
      Object {
        "backgroundColor": "#607D8B",
        "height": 1,
        "marginTop": 5,
        "width": "70%",
      }
    }
  />
  <View
    style={
      Object {
        "alignItems": "center",
        "flexDirection": "row",
        "justifyContent": "space-between",
        "paddingTop": 20,
        "width": "70%",
      }
    }
  >
    <Text
      accessible={true}
      allowFontScaling={true}
      ellipsizeMode="tail"
      style={
        Object {
          "color": "#eceff1",
          "fontSize": 24,
        }
      }
    >
      Appointments made: 
      0
    </Text>
  </View>
  <View
    style={
      Object {
        "backgroundColor": "#607D8B",
        "height": 1,
        "marginTop": 5,
        "width": "70%",
      }
    }
  />
</View>
`;
