// Jest Snapshot v1, https://goo.gl/fbAQLP

exports[`should render corrrectly 1`] = `
<View
  style={
    Object {
      "alignItems": "center",
      "backgroundColor": "#263238",
      "flex": 1,
      "justifyContent": "center",
      "padding": 10,
      "paddingTop": 20,
      "width": "100%",
    }
  }
>
  <Text
    accessible={true}
    allowFontScaling={true}
    ellipsizeMode="tail"
    style={
      Object {
        "color": "#CFD8DC",
        "fontSize": 28,
        "margin": 5,
        "paddingTop": 10,
      }
    }
  >
    TodoÂ´s
  </Text>
  <View
    width="100%"
  >
    <TextInput
      allowFontScaling={true}
      onChangeText={[Function]}
      onSubmitEditing={[Function]}
      placeholder="+ Add a new todo"
      placeholderTextColor="rgba(96, 125, 139, 0.731)"
      returnKeyLabel="done"
      returnKeyType="done"
      style={
        Object {
          "borderColor": "#78909c",
          "borderWidth": 1.8,
          "color": "#CFD8DC",
          "fontSize": 24,
          "marginBottom": 10,
          "marginTop": 10,
          "padding": 5,
          "width": "100%",
        }
      }
      underlineColorAndroid="transparent"
      value=""
    />
    <View
      style={
        Object {
          "flexDirection": "row",
          "marginBottom": 5,
          "marginTop": 5,
        }
      }
    >
      <Text
        accessible={true}
        allowFontScaling={true}
        ellipsizeMode="tail"
        style={
          Object {
            "color": "#607D8B",
            "fontSize": 18,
          }
        }
      >
         Click on 
      </Text>
      <Text
        accessible={true}
        allowFontScaling={true}
        ellipsizeMode="tail"
      />
      <Text
        accessible={true}
        allowFontScaling={true}
        ellipsizeMode="tail"
        style={
          Object {
            "color": "#607D8B",
            "fontSize": 18,
          }
        }
      >
         when task is completed
      </Text>
    </View>
  </View>
</View>
`;
